<?xml version="1.0" encoding="utf-8"?><testsuites><testsuite name="pytest" errors="0" failures="1" skipped="0" tests="1" time="63.301" timestamp="2024-06-18T02:27:27.262551" hostname="ubuntu"><testcase classname="test_login" name="test_Login" file="test_login.py" line="64" time="58.695"><failure message="selenium.common.exceptions.InvalidSelectorException: Message: Given xpath expression &quot;//div[@class, 'ant-notification ant-notification-topRight css-18h3yg2 ant-notification-stack ant-notification-stack-expanded]&quot; is invalid: SyntaxError: Document.evaluate: The expression is not a legal expression&#10;Stacktrace:&#10;RemoteError@chrome://remote/content/shared/RemoteError.sys.mjs:8:8&#10;WebDriverError@chrome://remote/content/shared/webdriver/Errors.sys.mjs:193:5&#10;InvalidSelectorError@chrome://remote/content/shared/webdriver/Errors.sys.mjs:432:5&#10;find_@chrome://remote/content/shared/DOM.sys.mjs:170:11">web_interface_module = &lt;weblib.webhelpers.WebElementIdentifier object at 0x7fee320e8c40&gt;

    def test_Login(web_interface_module):
        for data in login_data:
            web_interface_module.get_url()
&gt;           LOGIN(web_interface_module,data)

test_login.py:68: 
_ _ _ _ _ _ _ _ _ _ _ _ _ _ _ _ _ _ _ _ _ _ _ _ _ _ _ _ _ _ _ _ _ _ _ _ _ _ _ _ _ _ _ _ _ _ _ _ _ _ _ _ _ _ _ _ _ _ _ _ _ _ _ _ _ _ _ _ _ _ _ _ _ _ _ _ _ _ _ _ 
test_login.py:61: in LOGIN
    assert driver_nms.find_element('xpath', "//div[@class, 'ant-notification ant-notification-topRight css-18h3yg2 ant-notification-stack ant-notification-stack-expanded]")
../../.local/lib/python3.8/site-packages/selenium/webdriver/remote/webdriver.py:857: in find_element
    return self.execute(Command.FIND_ELEMENT, {
../../.local/lib/python3.8/site-packages/selenium/webdriver/remote/webdriver.py:435: in execute
    self.error_handler.check_response(response)
_ _ _ _ _ _ _ _ _ _ _ _ _ _ _ _ _ _ _ _ _ _ _ _ _ _ _ _ _ _ _ _ _ _ _ _ _ _ _ _ _ _ _ _ _ _ _ _ _ _ _ _ _ _ _ _ _ _ _ _ _ _ _ _ _ _ _ _ _ _ _ _ _ _ _ _ _ _ _ _ 

self = &lt;selenium.webdriver.remote.errorhandler.ErrorHandler object at 0x7fee320e8a60&gt;
response = {'status': 400, 'value': '{"value":{"error":"invalid selector","message":"Given xpath expression \\"//div[@class, \'an.../remote/content/shared/webdriver/Errors.sys.mjs:432:5\\nfind_@chrome://remote/content/shared/DOM.sys.mjs:170:11\\n"}}'}

    def check_response(self, response: Dict[str, Any]) -&gt; None:
        """
        Checks that a JSON response from the WebDriver does not have an error.
    
        :Args:
         - response - The JSON response from the WebDriver server as a dictionary
           object.
    
        :Raises: If the response contains an error message.
        """
        status = response.get('status', None)
        if not status or status == ErrorCode.SUCCESS:
            return
        value = None
        message = response.get("message", "")
        screen: str = response.get("screen", "")
        stacktrace = None
        if isinstance(status, int):
            value_json = response.get('value', None)
            if value_json and isinstance(value_json, str):
                import json
                try:
                    value = json.loads(value_json)
                    if len(value.keys()) == 1:
                        value = value['value']
                    status = value.get('error', None)
                    if not status:
                        status = value.get("status", ErrorCode.UNKNOWN_ERROR)
                        message = value.get("value") or value.get("message")
                        if not isinstance(message, str):
                            value = message
                            message = message.get('message')
                    else:
                        message = value.get('message', None)
                except ValueError:
                    pass
    
        exception_class: Type[WebDriverException]
        if status in ErrorCode.NO_SUCH_ELEMENT:
            exception_class = NoSuchElementException
        elif status in ErrorCode.NO_SUCH_FRAME:
            exception_class = NoSuchFrameException
        elif status in ErrorCode.NO_SUCH_SHADOW_ROOT:
            exception_class = NoSuchShadowRootException
        elif status in ErrorCode.NO_SUCH_WINDOW:
            exception_class = NoSuchWindowException
        elif status in ErrorCode.STALE_ELEMENT_REFERENCE:
            exception_class = StaleElementReferenceException
        elif status in ErrorCode.ELEMENT_NOT_VISIBLE:
            exception_class = ElementNotVisibleException
        elif status in ErrorCode.INVALID_ELEMENT_STATE:
            exception_class = InvalidElementStateException
        elif status in ErrorCode.INVALID_SELECTOR \
                or status in ErrorCode.INVALID_XPATH_SELECTOR \
                or status in ErrorCode.INVALID_XPATH_SELECTOR_RETURN_TYPER:
            exception_class = InvalidSelectorException
        elif status in ErrorCode.ELEMENT_IS_NOT_SELECTABLE:
            exception_class = ElementNotSelectableException
        elif status in ErrorCode.ELEMENT_NOT_INTERACTABLE:
            exception_class = ElementNotInteractableException
        elif status in ErrorCode.INVALID_COOKIE_DOMAIN:
            exception_class = InvalidCookieDomainException
        elif status in ErrorCode.UNABLE_TO_SET_COOKIE:
            exception_class = UnableToSetCookieException
        elif status in ErrorCode.TIMEOUT:
            exception_class = TimeoutException
        elif status in ErrorCode.SCRIPT_TIMEOUT:
            exception_class = TimeoutException
        elif status in ErrorCode.UNKNOWN_ERROR:
            exception_class = WebDriverException
        elif status in ErrorCode.UNEXPECTED_ALERT_OPEN:
            exception_class = UnexpectedAlertPresentException
        elif status in ErrorCode.NO_ALERT_OPEN:
            exception_class = NoAlertPresentException
        elif status in ErrorCode.IME_NOT_AVAILABLE:
            exception_class = ImeNotAvailableException
        elif status in ErrorCode.IME_ENGINE_ACTIVATION_FAILED:
            exception_class = ImeActivationFailedException
        elif status in ErrorCode.MOVE_TARGET_OUT_OF_BOUNDS:
            exception_class = MoveTargetOutOfBoundsException
        elif status in ErrorCode.JAVASCRIPT_ERROR:
            exception_class = JavascriptException
        elif status in ErrorCode.SESSION_NOT_CREATED:
            exception_class = SessionNotCreatedException
        elif status in ErrorCode.INVALID_ARGUMENT:
            exception_class = InvalidArgumentException
        elif status in ErrorCode.NO_SUCH_COOKIE:
            exception_class = NoSuchCookieException
        elif status in ErrorCode.UNABLE_TO_CAPTURE_SCREEN:
            exception_class = ScreenshotException
        elif status in ErrorCode.ELEMENT_CLICK_INTERCEPTED:
            exception_class = ElementClickInterceptedException
        elif status in ErrorCode.INSECURE_CERTIFICATE:
            exception_class = InsecureCertificateException
        elif status in ErrorCode.INVALID_COORDINATES:
            exception_class = InvalidCoordinatesException
        elif status in ErrorCode.INVALID_SESSION_ID:
            exception_class = InvalidSessionIdException
        elif status in ErrorCode.UNKNOWN_METHOD:
            exception_class = UnknownMethodException
        else:
            exception_class = WebDriverException
        if not value:
            value = response['value']
        if isinstance(value, str):
            raise exception_class(value)
        if message == "" and 'message' in value:
            message = value['message']
    
        screen = None  # type: ignore[assignment]
        if 'screen' in value:
            screen = value['screen']
    
        stacktrace = None
        st_value = value.get('stackTrace') or value.get('stacktrace')
        if st_value:
            if isinstance(st_value, str):
                stacktrace = st_value.split('\n')
            else:
                stacktrace = []
                try:
                    for frame in st_value:
                        line = self._value_or_default(frame, 'lineNumber', '')
                        file = self._value_or_default(frame, 'fileName', '&lt;anonymous&gt;')
                        if line:
                            file = f"{file}:{line}"
                        meth = self._value_or_default(frame, 'methodName', '&lt;anonymous&gt;')
                        if 'className' in frame:
                            meth = "{}.{}".format(frame['className'], meth)
                        msg = "    at %s (%s)"
                        msg = msg % (meth, file)
                        stacktrace.append(msg)
                except TypeError:
                    pass
        if exception_class == UnexpectedAlertPresentException:
            alert_text = None
            if 'data' in value:
                alert_text = value['data'].get('text')
            elif 'alert' in value:
                alert_text = value['alert'].get('text')
            raise exception_class(message, screen, stacktrace, alert_text)  # type: ignore[call-arg]  # mypy is not smart enough here
&gt;       raise exception_class(message, screen, stacktrace)
E       selenium.common.exceptions.InvalidSelectorException: Message: Given xpath expression "//div[@class, 'ant-notification ant-notification-topRight css-18h3yg2 ant-notification-stack ant-notification-stack-expanded]" is invalid: SyntaxError: Document.evaluate: The expression is not a legal expression
E       Stacktrace:
E       RemoteError@chrome://remote/content/shared/RemoteError.sys.mjs:8:8
E       WebDriverError@chrome://remote/content/shared/webdriver/Errors.sys.mjs:193:5
E       InvalidSelectorError@chrome://remote/content/shared/webdriver/Errors.sys.mjs:432:5
E       find_@chrome://remote/content/shared/DOM.sys.mjs:170:11

../../.local/lib/python3.8/site-packages/selenium/webdriver/remote/errorhandler.py:247: InvalidSelectorException</failure></testcase></testsuite></testsuites>